
===== [uplift] 2026-08-31T10:07:08.939Z modo=dev =====
INFO:     Will watch for changes in these directories: ['/home/jk/Projects/seeds/Astaroth/uplift-api']
INFO:     Uvicorn running on http://127.0.0.1:8012 (Press CTRL+C to quit)
INFO:     Started reloader process [752487] using WatchFiles
INFO:     Started server process [752501]
INFO:     Waiting for application startup.
INFO:     Application startup complete.
INFO:     127.0.0.1:37482 - "GET /health HTTP/1.1" 200 OK
INFO:     Shutting down
INFO:     Waiting for application shutdown.
INFO:     Application shutdown complete.
INFO:     Finished server process [752501]

===== [uplift] 2026-08-31T10:09:00.371Z modo=dev =====
INFO:     Will watch for changes in these directories: ['/home/jk/Projects/seeds/Astaroth/uplift-api']
INFO:     Uvicorn running on http://127.0.0.1:8012 (Press CTRL+C to quit)
INFO:     Started reloader process [754759] using WatchFiles
INFO:     Started server process [754772]
INFO:     Waiting for application startup.
INFO:     Application startup complete.
INFO:     127.0.0.1:57630 - "GET /health HTTP/1.1" 200 OK
INFO:     Shutting down
INFO:     Waiting for application shutdown.
INFO:     Application shutdown complete.
INFO:     Finished server process [754772]

===== [uplift] 2026-08-31T10:12:55.891Z modo=dev =====
INFO:     Will watch for changes in these directories: ['/home/jk/Projects/seeds/Astaroth/uplift-api']
INFO:     Uvicorn running on http://127.0.0.1:8012 (Press CTRL+C to quit)
INFO:     Started reloader process [759570] using WatchFiles
INFO:     Started server process [759641]
INFO:     Waiting for application startup.
INFO:     Application startup complete.
INFO:     Shutting down
INFO:     Waiting for application shutdown.
INFO:     Application shutdown complete.
INFO:     Finished server process [759641]
INFO:     Stopping reloader process [759570]

===== [uplift] 2026-08-31T10:15:15.809Z modo=dev =====
INFO:     Will watch for changes in these directories: ['/home/jk/Projects/seeds/Astaroth/uplift-api']
INFO:     Uvicorn running on http://127.0.0.1:8012 (Press CTRL+C to quit)
INFO:     Started reloader process [762607] using WatchFiles
INFO:     Started server process [762620]
INFO:     Waiting for application startup.
INFO:     Application startup complete.
INFO:     127.0.0.1:35536 - "GET /health HTTP/1.1" 200 OK
INFO:     Shutting down
INFO:     Waiting for application shutdown.
INFO:     Application shutdown complete.
INFO:     Finished server process [762620]
INFO:     Stopping reloader process [762607]

===== [uplift] 2026-08-31T10:21:54.160Z modo=dev =====
INFO:     Will watch for changes in these directories: ['/home/jk/Projects/seeds/Astaroth/uplift-api']
INFO:     Uvicorn running on http://127.0.0.1:8012 (Press CTRL+C to quit)
INFO:     Started reloader process [770780] using WatchFiles
INFO:     Started server process [770793]
INFO:     Waiting for application startup.
INFO:     Application startup complete.
INFO:     127.0.0.1:55618 - "GET /health HTTP/1.1" 200 OK
INFO:     Shutting down
INFO:     Waiting for application shutdown.
INFO:     Application shutdown complete.
INFO:     Finished server process [770793]
INFO:     Stopping reloader process [770780]
